INFO:     Started server process [9700]
INFO:     Waiting for application startup.
POC_MODE: ruolo PostgreSQL privilegiato consentito (user=admin, superuser=True, bypassrls=True)
Loading weights:   0%|          | 0/391 [00:00<?, ?it/s]Loading weights: 100%|##########| 391/391 [00:00<00:00, 12195.92it/s]
Loading weights:   0%|          | 0/105 [00:00<?, ?it/s]Loading weights:  47%|####6     | 49/105 [00:00<00:00, 485.45it/s]Loading weights: 100%|##########| 105/105 [00:00<00:00, 622.92it/s]
INFO:     Application startup complete.
INFO:     Uvicorn running on http://127.0.0.1:8013 (Press CTRL+C to quit)
INFO:     127.0.0.1:51880 - "GET /health/live HTTP/1.1" 200 OK
INFO:     127.0.0.1:53660 - "GET /health/live HTTP/1.1" 200 OK
INFO:     127.0.0.1:53660 - "GET /health/ready?deep=true HTTP/1.1" 200 OK
RAG request failed | request_id=d2168aea-da8c-47bd-83ae-02f448c1589f | error=CapacityRejectedError
Traceback (most recent call last):
  File "C:\python311\Lib\asyncio\tasks.py", line 500, in wait_for
    return fut.result()
           ^^^^^^^^^^^^
  File "C:\python311\Lib\asyncio\locks.py", line 294, in wait_for
    await self.wait()
  File "C:\python311\Lib\asyncio\locks.py", line 267, in wait
    await fut
asyncio.exceptions.CancelledError

The above exception was the direct cause of the following exception:

Traceback (most recent call last):
  File "E:\Dev\assessmentAI\rag_api\core\capacity.py", line 121, in acquire
    await asyncio.wait_for(
  File "C:\python311\Lib\asyncio\tasks.py", line 502, in wait_for
    raise exceptions.TimeoutError() from exc
TimeoutError

The above exception was the direct cause of the following exception:

Traceback (most recent call last):
  File "E:\Dev\assessmentAI\rag_api\api\routes_rag.py", line 673, in query_rag
    async with limiter.slot():
  File "C:\python311\Lib\contextlib.py", line 210, in __aenter__
    return await anext(self.gen)
           ^^^^^^^^^^^^^^^^^^^^^
  File "E:\Dev\assessmentAI\rag_api\core\capacity.py", line 146, in slot
    await self.acquire()
  File "E:\Dev\assessmentAI\rag_api\core\capacity.py", line 129, in acquire
    raise CapacityRejectedError("queue_timeout") from exc
core.capacity.CapacityRejectedError: queue_timeout
INFO:     127.0.0.1:58832 - "POST /api/v1/rag/query HTTP/1.1" 503 Service Unavailable
E:\Dev\assessmentAI\venv\Lib\site-packages\starlette\_exception_handler.py:59: StarletteDeprecationWarning: 'HTTP_422_UNPROCESSABLE_ENTITY' is deprecated. Use 'HTTP_422_UNPROCESSABLE_CONTENT' instead.
  response = await handler(conn, exc)  # type: ignore[arg-type]
INFO:     127.0.0.1:58832 - "POST /api/v1/rag/query HTTP/1.1" 422 Unprocessable Entity
